paddle: 86 pages, out -> E:\codex_Learing\project_è¿žäº‘æ¸¯å¸‚å¿—\repo\workbench\ocr_v2\ocr\paddle\ä¸Š_2
ÐÅÏ¢: ÓÃÌá¹©µÄÄ£Ê½ÎÞ·¨ÕÒµ½ÎÄ¼þ¡£
C:\Users\52744\AppData\Roaming\Python\Python313\site-packages\paddle\utils\cpp_extension\extension_utils.py:715: UserWarning: No ccache found. Please be aware that recompiling all source files may be required. You can download and install ccache from: https://github.com/ccache/ccache/blob/master/doc/INSTALL.md
  warnings.warn(warning_message)
WARNING: OMP_NUM_THREADS set to 2, not 1. The computation speed will not be optimized if you use data parallel. It will fail if this PaddlePaddle binary is compiled with OpenBlas since OpenBlas does not support multi-threads.
PLEASE USE OMP_NUM_THREADS WISELY.
[32mCreating model: ('PP-OCRv6_medium_det', None, None)[0m
[32mModel files already exist. Using cached files. To redownload, please delete the directory manually: `C:\Users\52744\.paddlex\official_models\PP-OCRv6_medium_det`.[0m
[32mCreating model: ('PP-OCRv6_medium_rec', None, None)[0m
[32mModel files already exist. Using cached files. To redownload, please delete the directory manually: `C:\Users\52744\.paddlex\official_models\PP-OCRv6_medium_rec`.[0m
ReduceMeanCheckIfOneDNNSupport
ReduceMeanCheckIfOneDNNSupport
ReduceMeanCheckIfOneDNNSupport
ReduceMeanCheckIfOneDNNSupport
ReduceMeanCheckIfOneDNNSupport
ReduceMeanCheckIfOneDNNSupport
ReduceMeanCheckIfOneDNNSupport
ReduceMeanCheckIfOneDNNSupport
ReduceMeanCheckIfOneDNNSupport
ReduceMeanCheckIfOneDNNSupport
ReduceMeanCheckIfOneDNNSupport
paddle page 520: 37 lines
paddle page 521: 30 lines
paddle page 522: 34 lines
paddle page 523: 35 lines
paddle page 524: 35 lines
paddle page 525: 33 lines
paddle page 526: 33 lines
paddle page 527: 32 lines
paddle page 528: 36 lines
paddle page 529: 34 lines
paddle page 530: 34 lines
paddle page 531: 32 lines
paddle page 532: 102 lines
paddle page 533: 327 lines
paddle page 534: 114 lines
paddle page 535: 34 lines
paddle page 536: 32 lines
paddle page 537: 33 lines
paddle page 538: 39 lines
paddle page 539: 38 lines
paddle page 540: 39 lines
paddle page 541: 39 lines
paddle page 542: 39 lines
paddle page 543: 37 lines
paddle page 544: 36 lines
paddle page 545: 33 lines
paddle page 546: 34 lines
paddle page 547: 31 lines
paddle page 548: 95 lines
paddle page 549: 115 lines
paddle page 550: 144 lines
paddle page 551: 33 lines
paddle page 552: 33 lines
paddle page 553: 32 lines
paddle page 554: 37 lines
paddle page 555: 29 lines
paddle page 556: 39 lines
paddle page 557: 35 lines
paddle page 558: 39 lines
paddle page 559: 75 lines
paddle page 560: 35 lines
paddle page 561: 26 lines
paddle page 562: 33 lines
paddle page 563: 30 lines
paddle page 564: 32 lines
paddle page 565: 10 lines
paddle page 566: 24 lines
paddle page 567: 35 lines
paddle page 568: 37 lines
paddle page 569: 39 lines
paddle page 570: 166 lines
paddle page 571: 232 lines
paddle page 572: 86 lines
paddle page 573: 73 lines
paddle page 574: 36 lines
