paddle: 150 pages, out -> E:\codex_Learing\project_è¿žäº‘æ¸¯å¸‚å¿—\repo\workbench\ocr_v2\ocr\paddle\ä¸Š_3
ÐÅÏ¢: ÓÃÌá¹©µÄÄ£Ê½ÎÞ·¨ÕÒµ½ÎÄ¼þ¡£
C:\Users\52744\AppData\Roaming\Python\Python313\site-packages\paddle\utils\cpp_extension\extension_utils.py:715: UserWarning: No ccache found. Please be aware that recompiling all source files may be required. You can download and install ccache from: https://github.com/ccache/ccache/blob/master/doc/INSTALL.md
  warnings.warn(warning_message)
WARNING: OMP_NUM_THREADS set to 2, not 1. The computation speed will not be optimized if you use data parallel. It will fail if this PaddlePaddle binary is compiled with OpenBlas since OpenBlas does not support multi-threads.
PLEASE USE OMP_NUM_THREADS WISELY.
[32mCreating model: ('PP-OCRv6_medium_det', None, None)[0m
[32mModel files already exist. Using cached files. To redownload, please delete the directory manually: `C:\Users\52744\.paddlex\official_models\PP-OCRv6_medium_det`.[0m
[32mCreating model: ('PP-OCRv6_medium_rec', None, None)[0m
[32mModel files already exist. Using cached files. To redownload, please delete the directory manually: `C:\Users\52744\.paddlex\official_models\PP-OCRv6_medium_rec`.[0m
ReduceMeanCheckIfOneDNNSupport
ReduceMeanCheckIfOneDNNSupport
ReduceMeanCheckIfOneDNNSupport
ReduceMeanCheckIfOneDNNSupport
ReduceMeanCheckIfOneDNNSupport
ReduceMeanCheckIfOneDNNSupport
ReduceMeanCheckIfOneDNNSupport
ReduceMeanCheckIfOneDNNSupport
ReduceMeanCheckIfOneDNNSupport
ReduceMeanCheckIfOneDNNSupport
ReduceMeanCheckIfOneDNNSupport
paddle page 754: 72 lines
paddle page 755: 39 lines
paddle page 756: 86 lines
paddle page 757: 37 lines
paddle page 758: 39 lines
paddle page 759: 66 lines
paddle page 760: 35 lines
paddle page 761: 37 lines
paddle page 762: 34 lines
paddle page 763: 108 lines
paddle page 764: 35 lines
paddle page 765: 38 lines
paddle page 766: 99 lines
paddle page 767: 195 lines
paddle page 768: 112 lines
paddle page 769: 36 lines
paddle page 770: 85 lines
paddle page 771: 33 lines
paddle page 772: 37 lines
paddle page 773: 119 lines
paddle page 774: 104 lines
paddle page 775: 39 lines
paddle page 776: 37 lines
paddle page 777: 23 lines
paddle page 778: 33 lines
paddle page 779: 38 lines
paddle page 780: 39 lines
paddle page 781: 39 lines
paddle page 782: 68 lines
paddle page 783: 37 lines
paddle page 784: 36 lines
paddle page 785: 36 lines
paddle page 786: 33 lines
paddle page 787: 37 lines
paddle page 788: 79 lines
paddle page 789: 39 lines
paddle page 790: 36 lines
paddle page 791: 38 lines
paddle page 792: 37 lines
paddle page 793: 36 lines
paddle page 794: 36 lines
paddle page 795: 33 lines
paddle page 796: 37 lines
paddle page 797: 37 lines
paddle page 798: 37 lines
paddle page 799: 36 lines
paddle page 800: 36 lines
paddle page 801: 35 lines
paddle page 802: 34 lines
paddle page 803: 37 lines
paddle page 804: 37 lines
paddle page 805: 112 lines
paddle page 806: 35 lines
paddle page 807: 34 lines
paddle page 808: 32 lines
