paddle: 84 pages, out -> E:\codex_Learing\project_è¿žäº‘æ¸¯å¸‚å¿—\repo\workbench\ocr_v2\ocr\paddle\ä¸Š_3
ÐÅÏ¢: ÓÃÌá¹©µÄÄ£Ê½ÎÞ·¨ÕÒµ½ÎÄ¼þ¡£
C:\Users\52744\AppData\Roaming\Python\Python313\site-packages\paddle\utils\cpp_extension\extension_utils.py:715: UserWarning: No ccache found. Please be aware that recompiling all source files may be required. You can download and install ccache from: https://github.com/ccache/ccache/blob/master/doc/INSTALL.md
  warnings.warn(warning_message)
WARNING: OMP_NUM_THREADS set to 2, not 1. The computation speed will not be optimized if you use data parallel. It will fail if this PaddlePaddle binary is compiled with OpenBlas since OpenBlas does not support multi-threads.
PLEASE USE OMP_NUM_THREADS WISELY.
[32mCreating model: ('PP-OCRv6_medium_det', None, None)[0m
[32mModel files already exist. Using cached files. To redownload, please delete the directory manually: `C:\Users\52744\.paddlex\official_models\PP-OCRv6_medium_det`.[0m
[32mCreating model: ('PP-OCRv6_medium_rec', None, None)[0m
[32mModel files already exist. Using cached files. To redownload, please delete the directory manually: `C:\Users\52744\.paddlex\official_models\PP-OCRv6_medium_rec`.[0m
ReduceMeanCheckIfOneDNNSupport
ReduceMeanCheckIfOneDNNSupport
ReduceMeanCheckIfOneDNNSupport
ReduceMeanCheckIfOneDNNSupport
ReduceMeanCheckIfOneDNNSupport
ReduceMeanCheckIfOneDNNSupport
ReduceMeanCheckIfOneDNNSupport
ReduceMeanCheckIfOneDNNSupport
ReduceMeanCheckIfOneDNNSupport
ReduceMeanCheckIfOneDNNSupport
ReduceMeanCheckIfOneDNNSupport
paddle page 820: 97 lines
paddle page 821: 36 lines
paddle page 822: 107 lines
paddle page 823: 32 lines
paddle page 824: 83 lines
paddle page 825: 36 lines
paddle page 826: 37 lines
paddle page 827: 35 lines
paddle page 828: 61 lines
paddle page 829: 35 lines
paddle page 830: 26 lines
paddle page 831: 23 lines
paddle page 832: 39 lines
paddle page 833: 33 lines
paddle page 834: 35 lines
paddle page 835: 35 lines
paddle page 836: 171 lines
paddle page 837: 33 lines
paddle page 838: 39 lines
paddle page 839: 37 lines
paddle page 840: 39 lines
paddle page 841: 37 lines
paddle page 842: 39 lines
paddle page 843: 80 lines
paddle page 844: 212 lines
paddle page 845: 35 lines
paddle page 846: 35 lines
paddle page 847: 92 lines
paddle page 848: 36 lines
paddle page 849: 37 lines
paddle page 850: 38 lines
paddle page 851: 36 lines
paddle page 852: 35 lines
paddle page 853: 39 lines
paddle page 854: 39 lines
paddle page 855: 37 lines
paddle page 856: 192 lines
paddle page 857: 35 lines
paddle page 858: 36 lines
paddle page 859: 32 lines
paddle page 860: 33 lines
paddle page 861: 39 lines
paddle page 862: 39 lines
paddle page 863: 132 lines
paddle page 864: 38 lines
paddle page 865: 36 lines
paddle page 866: 94 lines
paddle page 867: 35 lines
paddle page 868: 33 lines
paddle page 869: 37 lines
